// Jest Snapshot v1, https://goo.gl/fbAQLP

exports[`NavigationContentComponent renders 1`] = `
<app-navigation-content
  __ngContext__={[Function LRootView]}
  activatedRoute={[Function Object]}
  scrollable$={[Function Observable]}
>
  <app-navigation-bar
    appnavigationbaritemsfromroute=""
    layout="column"
  /><main>
    <div
      class="scroll-in-y"
    >
      <router-outlet />
      
    </div>
  </main>
</app-navigation-content>
`;
