// Jest Snapshot v1, https://goo.gl/fbAQLP

exports[`VersionComponent renders 1`] = `
<mock-render>
  <app-version>
    <button
      class="auto-line-height"
      mat-button=""
    >
      <label
        class="deadclick-force"
      >
        v version
      </label>
    </button>
  </app-version>
</mock-render>
`;
