// Jest Snapshot v1, https://goo.gl/fbAQLP

exports[`VersionComponent is created 1`] = `
<app-version
  onGotoSettings={[Function Function]}
  router={[Function Object]}
  rxState={[Function RxStateService]}
  version$={[Function AnonymousSubject]}
>
  <button
    class="auto-line-height"
    mat-button=""
  >
    <label
      class="deadclick-force"
    >
      v null
    </label>
  </button>
</app-version>
`;
