// Jest Snapshot v1, https://goo.gl/fbAQLP

exports[`DashboardComponent is created 1`] = `
<app-dashboard
  GRID={[Function String]}
  GRID_CONTENT={[Function String]}
  GRID_FOOTER={[Function String]}
  GRID_HEAD={[Function String]}
  GRID_SIDE={[Function String]}
  ROUTES={[Function Array]}
  ROUTE_ROOT={[Function String]}
  done$={[Function DoneSubject]}
  isVisibleFooter$={[Function BehaviorSubject]}
  isVisibleHeader$={[Function BehaviorSubject]}
  isVisibleSide$={[Function BehaviorSubject]}
  rxState={[Function RxStateService]}
  subRoute$={[Function AnonymousSubject]}
  subRoutes$={[Function AnonymousSubject]}
>
  <div
    class="mat-app-background position-absolute match-parent"
    style="display: grid; grid-template-areas: \\"head head\\" \\"side cont\\" \\"foot foot\\"; grid-template-columns: max-content auto; grid-template-rows: max-content auto max-content;"
  >
    <div
      style="grid-area: head; background: blue;"
    >
      
      
      <mat-toolbar
        class="mat-toolbar mat-primary mat-toolbar-single-row"
        color="primary"
      >
        <span
          class="mat-toolbar-filler"
        />
        <nav
          class="mat-nav-list"
        >
          
          
          <a
            aria-disabled="false"
            class="mat-button mat-button-base _mat-animation-noopable"
            href="/dashboard/overview"
            mat-button=""
            routerlinkactive="active"
            style="user-select: none; webkit-user-drag: none; -webkit-tap-highlight-color: rgba(0, 0, 0, 0); min-width: auto;"
            tabindex="0"
          >
            <span
              class="mat-button-wrapper"
            >
              <i
                class="material-icons transition-transform active-scale"
              >
                widgets
              </i>
            </span>
            <div
              class="mat-button-ripple mat-ripple"
              matripple=""
            />
            <div
              class="mat-button-focus-overlay"
            />
          </a>
          
          
          <a
            aria-disabled="false"
            class="mat-button mat-button-base _mat-animation-noopable"
            href="/dashboard/graph"
            mat-button=""
            routerlinkactive="active"
            style="user-select: none; webkit-user-drag: none; -webkit-tap-highlight-color: rgba(0, 0, 0, 0); min-width: auto;"
            tabindex="0"
          >
            <span
              class="mat-button-wrapper"
            >
              <i
                class="material-icons transition-transform active-scale"
              >
                blur_on
              </i>
            </span>
            <div
              class="mat-button-ripple mat-ripple"
              matripple=""
            />
            <div
              class="mat-button-focus-overlay"
            />
          </a>
          
          
          <a
            aria-disabled="false"
            class="mat-button mat-button-base _mat-animation-noopable"
            href="/dashboard/crypto"
            mat-button=""
            routerlinkactive="active"
            style="user-select: none; webkit-user-drag: none; -webkit-tap-highlight-color: rgba(0, 0, 0, 0); min-width: auto;"
            tabindex="0"
          >
            <span
              class="mat-button-wrapper"
            >
              <i
                class="material-icons transition-transform active-scale"
              >
                monetization_on
              </i>
            </span>
            <div
              class="mat-button-ripple mat-ripple"
              matripple=""
            />
            <div
              class="mat-button-focus-overlay"
            />
          </a>
          
          
          <a
            aria-disabled="false"
            class="mat-button mat-button-base _mat-animation-noopable"
            href="/dashboard/game"
            mat-button=""
            routerlinkactive="active"
            style="user-select: none; webkit-user-drag: none; -webkit-tap-highlight-color: rgba(0, 0, 0, 0); min-width: auto;"
            tabindex="0"
          >
            <span
              class="mat-button-wrapper"
            >
              <i
                class="material-icons transition-transform active-scale"
              >
                games
              </i>
            </span>
            <div
              class="mat-button-ripple mat-ripple"
              matripple=""
            />
            <div
              class="mat-button-focus-overlay"
            />
          </a>
          
          
          <a
            aria-disabled="false"
            class="mat-button mat-button-base _mat-animation-noopable"
            href="/dashboard/playground"
            mat-button=""
            routerlinkactive="active"
            style="user-select: none; webkit-user-drag: none; -webkit-tap-highlight-color: rgba(0, 0, 0, 0); min-width: auto;"
            tabindex="0"
          >
            <span
              class="mat-button-wrapper"
            >
              <i
                class="material-icons transition-transform active-scale"
              >
                videogame_asset
              </i>
            </span>
            <div
              class="mat-button-ripple mat-ripple"
              matripple=""
            />
            <div
              class="mat-button-focus-overlay"
            />
          </a>
          
          
          <a
            aria-disabled="false"
            class="mat-button mat-button-base _mat-animation-noopable"
            href="/dashboard/settings"
            mat-button=""
            routerlinkactive="active"
            style="user-select: none; webkit-user-drag: none; -webkit-tap-highlight-color: rgba(0, 0, 0, 0); min-width: auto;"
            tabindex="0"
          >
            <span
              class="mat-button-wrapper"
            >
              <i
                class="material-icons transition-transform active-scale"
              >
                settings
              </i>
            </span>
            <div
              class="mat-button-ripple mat-ripple"
              matripple=""
            />
            <div
              class="mat-button-focus-overlay"
            />
          </a>
          
        </nav>
        <span
          class="mat-toolbar-filler"
        />
      </mat-toolbar>
    </div>
    <div
      class="position-relative"
      style="grid-area: side;"
    >
      
      
      <mat-toolbar
        class="toolbar-column mat-toolbar mat-primary mat-toolbar-single-row"
        color="primary"
      >
        
        <span
          class="mat-toolbar-filler"
        />
      </mat-toolbar>
    </div>
    <main
      class="position-relative"
      style="grid-area: cont;"
    >
      <router-outlet />
    </main>
    <footer
      style="grid-area: foot;"
    >
      
      <div
        class="border-top contenthv"
        ddflexbox="hycr"
        style="display: flex; flex-direction: row-reverse; justify-content: flex-start; align-items: center; align-content: stretch; flex-wrap: no-wrap;"
      >
        <app-version
          class="margin-bottom-narrow"
        >
          <button
            class="auto-line-height mat-button mat-button-base _mat-animation-noopable"
            mat-button=""
          >
            <span
              class="mat-button-wrapper"
            >
              <label
                class="deadclick-force"
              >
                v null
              </label>
            </span>
            <div
              class="mat-button-ripple mat-ripple"
              matripple=""
            />
            <div
              class="mat-button-focus-overlay"
            />
          </button>
        </app-version>
      </div>
    </footer>
  </div>
</app-dashboard>
`;
