// Jest Snapshot v1, https://goo.gl/fbAQLP

exports[`SchoolMathComponent is created 1`] = `
<app-school-math
  data$={[Function Observable]}
  done$={[Function DoneSubject]}
  pdfMeta$={[Function Observable]}
  seed$={[Function BehaviorSubject]}
  setSeed={[Function Function]}
  triggerPdf={[Function Function]}
  triggerPdf$={[Function Subject]}
>
  <mat-card>
    <mat-card-title>
      Math Test
    </mat-card-title>
    <mat-card-content>
      <p>
        <mat-form-field>
          <input
            matinput=""
            min="1"
            placeholder="Seed"
            type="number"
          />
        </mat-form-field>
        <button
          mat-raised-button=""
        >
          PDF
        </button>
      </p>
      <app-simple-view
        subheader="JSON"
      />
      <app-simple-view
        subheader="PDF"
      />
    </mat-card-content>
  </mat-card>
</app-school-math>
`;
