// Jest Snapshot v1, https://goo.gl/fbAQLP

exports[`GraphWalkerComponent renders 1`] = `
<mock-render>
  <app-graph-walker>
    <mat-card
      appearance="outlined"
      ng-reflect-appearance="outlined"
    >
      <mat-card-content>
        <div
          ddflexbox="vyt"
          ng-reflect-dd-flexbox="vyt"
        >
          <div
            ddflexbox="hysw"
            ng-reflect-dd-flexbox="hysw"
          >
            <div
              class="contenthv childhv hovered-elevated"
            >
              <h2>
                DB Stats: Overall
              </h2>
              <app-simple-view
                ng-reflect-data="[object Object]"
                ng-reflect-is-dense="true"
                ng-reflect-is-width-constrained="false"
              />
            </div>
            <div
              class="contenthv childhv hovered-elevated"
            >
              <h2>
                DB Stats: Node Types
              </h2>
              <app-simple-view
                ng-reflect-is-dense="true"
                ng-reflect-is-width-constrained="false"
              />
            </div>
          </div>
          <div
            class="contenthv childhv hovered-elevated"
            ddflexbox="hycw"
            ng-reflect-dd-flexbox="hycw"
          >
            <label>
              Query first node of:
            </label>
            <mat-form-field
              class="margin-left childhv"
              hintlabel="Type"
              ng-reflect-hint-label="Type"
            >
              <mat-select>
              </mat-select>
            </mat-form-field>
            <mat-form-field
              class="margin-left childhv"
              hintlabel="Tag"
              ng-reflect-hint-label="Tag"
            >
              <mat-select>
              </mat-select>
            </mat-form-field>
            <button
              mat-mini-fab=""
            >
              &lt;
            </button>
            <button
              mat-mini-fab=""
            >
              &lt;=
            </button>
            <button
              mat-mini-fab=""
            >
              !=
            </button>
            <button
              mat-mini-fab=""
            >
              =
            </button>
            <button
              mat-mini-fab=""
            >
              &gt;=
            </button>
            <button
              mat-mini-fab=""
            >
              &gt;
            </button>
            <mat-form-field
              class="margin-left childhv"
              hintlabel="Value"
              ng-reflect-hint-label="Value"
            >
              <input
                matinput=""
                ng-reflect-autocomplete="[object Object]"
              />
              <mat-autocomplete>
              </mat-autocomplete>
            </mat-form-field>
          </div>
        </div>
      </mat-card-content>
    </mat-card>
  </app-graph-walker>
</mock-render>
`;
