// Jest Snapshot v1, https://goo.gl/fbAQLP

exports[`DemoStateComponent is created 1`] = `
<app-demo-state
  done$={[Function DoneSubject]}
  rxState={[Function RxStateService]}
  state$={[Function BehaviorSubject]}
>
  <div
    ddflexbox="vyt"
  >
    <mat-card>
      <mat-card-title>
        State (PARSED)
      </mat-card-title>
      <mat-card-content>
        <app-simple-view />
      </mat-card-content>
    </mat-card>
  </div>
</app-demo-state>
`;
