// Jest Snapshot v1, https://goo.gl/fbAQLP

exports[`DemoStateComponent is created 1`] = `
<app-demo-state
  done$={[Function DoneSubject]}
  rxState={[Function RxStateService]}
  state$={[Function BehaviorSubject]}
>
  <div
    class="ng-star-inserted"
    ddflexbox="vyt"
    style="display: flex; flex-direction: column; justify-content: flex-start; align-items: stretch; align-content: stretch; flex-wrap: no-wrap;"
  >
    <mat-card
      class="mat-card _mat-animation-noopable"
    >
      <mat-card-title
        class="mat-card-title"
      >
        State (PARSED)
      </mat-card-title>
      <mat-card-content
        class="mat-card-content"
      >
        <app-simple-view
          class="ng-tns-c1-0"
        >
          
          <div
            class="position-relative ng-tns-c1-0 ng-star-inserted"
          >
            <div
              class="scroll-x-auto"
              ddflexbox="hys"
              style="max-width: 100%; display: flex; flex-direction: row; justify-content: flex-start; align-items: flex-start; align-content: stretch; flex-wrap: no-wrap;"
            >
              
              
              <mat-list
                class="mat-list-auto-height mat-list mat-list-base ng-tns-c1-0 ng-star-inserted"
                dense="true"
              >
                
                
                
                
                
                
                
                <table
                  class="ng-tns-c1-0 ng-star-inserted"
                >
                  
                  <tr
                    class="ng-tns-c1-0 ng-star-inserted"
                  >
                    <td
                      class="ng-tns-c1-0"
                      style="vertical-align: top;"
                    >
                      <mat-list-item
                        class="mat-list-item"
                      >
                        <div
                          class="mat-list-item-content"
                        >
                          <div
                            class="mat-list-item-ripple mat-ripple"
                            mat-ripple=""
                          />
                          <div
                            class="mat-list-text"
                          />
                          <span
                            class="no-break-text ng-tns-c1-0"
                          >
                             Game 
                          </span>
                        </div>
                      </mat-list-item>
                    </td>
                    <td
                      class="ng-tns-c1-0"
                    >
                      <mat-list-item
                        class="mat-list-item ng-trigger ng-trigger-TRIGGER_WobbleX ng-animating"
                        style=""
                      >
                        <div
                          class="mat-list-item-content"
                        >
                          <div
                            class="mat-list-item-ripple mat-ripple"
                            mat-ripple=""
                          />
                          <div
                            class="mat-list-text"
                          />
                          <span
                            class="break-text ng-tns-c1-0"
                          >
                            
                            
                            
                            
                            
                            
                            
                            <app-simple-view
                              class="ng-tns-c1-1 ng-tns-c1-0 ng-star-inserted"
                              style=""
                            >
                              
                              <div
                                class="position-relative ng-tns-c1-1 ng-star-inserted"
                              >
                                <div
                                  class="scroll-x-auto"
                                  ddflexbox="hys"
                                  style="max-width: 100%; display: flex; flex-direction: row; justify-content: flex-start; align-items: flex-start; align-content: stretch; flex-wrap: no-wrap;"
                                >
                                  
                                  <button
                                    class="inline-button mat-button mat-button-base ng-tns-c1-1 _mat-animation-noopable ng-star-inserted"
                                    mat-button=""
                                  >
                                    <span
                                      class="mat-button-wrapper"
                                    >
                                      <i
                                        class="material-icons rot-90 ng-tns-c1-1"
                                      >
                                        expand_more
                                      </i>
                                    </span>
                                    <div
                                      class="mat-button-ripple mat-ripple"
                                      matripple=""
                                    />
                                    <div
                                      class="mat-button-focus-overlay"
                                    />
                                  </button>
                                  
                                </div>
                              </div>
                            </app-simple-view>
                            
                          </span>
                        </div>
                      </mat-list-item>
                    </td>
                  </tr>
                  <tr
                    class="ng-tns-c1-0 ng-star-inserted"
                  >
                    <td
                      class="ng-tns-c1-0"
                      style="vertical-align: top;"
                    >
                      <mat-list-item
                        class="mat-list-item"
                      >
                        <div
                          class="mat-list-item-content"
                        >
                          <div
                            class="mat-list-item-ripple mat-ripple"
                            mat-ripple=""
                          />
                          <div
                            class="mat-list-text"
                          />
                          <span
                            class="no-break-text ng-tns-c1-0"
                          >
                             Global Values 
                          </span>
                        </div>
                      </mat-list-item>
                    </td>
                    <td
                      class="ng-tns-c1-0"
                    >
                      <mat-list-item
                        class="mat-list-item ng-trigger ng-trigger-TRIGGER_WobbleX ng-animating"
                        style=""
                      >
                        <div
                          class="mat-list-item-content"
                        >
                          <div
                            class="mat-list-item-ripple mat-ripple"
                            mat-ripple=""
                          />
                          <div
                            class="mat-list-text"
                          />
                          <span
                            class="break-text ng-tns-c1-0"
                          >
                            
                            
                            
                            
                            
                            
                            
                            <app-simple-view
                              class="ng-tns-c1-2 ng-tns-c1-0 ng-star-inserted"
                              style=""
                            >
                              
                              <div
                                class="position-relative ng-tns-c1-2 ng-star-inserted"
                              >
                                <div
                                  class="scroll-x-auto"
                                  ddflexbox="hys"
                                  style="max-width: 100%; display: flex; flex-direction: row; justify-content: flex-start; align-items: flex-start; align-content: stretch; flex-wrap: no-wrap;"
                                >
                                  
                                  <button
                                    class="inline-button mat-button mat-button-base ng-tns-c1-2 _mat-animation-noopable ng-star-inserted"
                                    mat-button=""
                                  >
                                    <span
                                      class="mat-button-wrapper"
                                    >
                                      <i
                                        class="material-icons rot-90 ng-tns-c1-2"
                                      >
                                        expand_more
                                      </i>
                                    </span>
                                    <div
                                      class="mat-button-ripple mat-ripple"
                                      matripple=""
                                    />
                                    <div
                                      class="mat-button-focus-overlay"
                                    />
                                  </button>
                                  
                                </div>
                              </div>
                            </app-simple-view>
                            
                          </span>
                        </div>
                      </mat-list-item>
                    </td>
                  </tr>
                  <tr
                    class="ng-tns-c1-0 ng-star-inserted"
                  >
                    <td
                      class="ng-tns-c1-0"
                      style="vertical-align: top;"
                    >
                      <mat-list-item
                        class="mat-list-item"
                      >
                        <div
                          class="mat-list-item-content"
                        >
                          <div
                            class="mat-list-item-ripple mat-ripple"
                            mat-ripple=""
                          />
                          <div
                            class="mat-list-text"
                          />
                          <span
                            class="no-break-text ng-tns-c1-0"
                          >
                             Ui 
                          </span>
                        </div>
                      </mat-list-item>
                    </td>
                    <td
                      class="ng-tns-c1-0"
                    >
                      <mat-list-item
                        class="mat-list-item ng-trigger ng-trigger-TRIGGER_WobbleX ng-animating"
                        style=""
                      >
                        <div
                          class="mat-list-item-content"
                        >
                          <div
                            class="mat-list-item-ripple mat-ripple"
                            mat-ripple=""
                          />
                          <div
                            class="mat-list-text"
                          />
                          <span
                            class="break-text ng-tns-c1-0"
                          >
                            
                            
                            
                            
                            
                            
                            
                            <app-simple-view
                              class="ng-tns-c1-3 ng-tns-c1-0 ng-star-inserted"
                              style=""
                            >
                              
                              <div
                                class="position-relative ng-tns-c1-3 ng-star-inserted"
                              >
                                <div
                                  class="scroll-x-auto"
                                  ddflexbox="hys"
                                  style="max-width: 100%; display: flex; flex-direction: row; justify-content: flex-start; align-items: flex-start; align-content: stretch; flex-wrap: no-wrap;"
                                >
                                  
                                  <button
                                    class="inline-button mat-button mat-button-base ng-tns-c1-3 _mat-animation-noopable ng-star-inserted"
                                    mat-button=""
                                  >
                                    <span
                                      class="mat-button-wrapper"
                                    >
                                      <i
                                        class="material-icons rot-90 ng-tns-c1-3"
                                      >
                                        expand_more
                                      </i>
                                    </span>
                                    <div
                                      class="mat-button-ripple mat-ripple"
                                      matripple=""
                                    />
                                    <div
                                      class="mat-button-focus-overlay"
                                    />
                                  </button>
                                  
                                </div>
                              </div>
                            </app-simple-view>
                            
                          </span>
                        </div>
                      </mat-list-item>
                    </td>
                  </tr>
                </table>
                
                
              </mat-list>
            </div>
          </div>
        </app-simple-view>
      </mat-card-content>
    </mat-card>
  </div>
</app-demo-state>
`;
