// Jest Snapshot v1, https://goo.gl/fbAQLP

exports[`ConfigComponent is created 1`] = `
<app-config
  __ngContext__={[Function LRootView]}
>
  <mat-card>
    <mat-card-title>
      Configuration
    </mat-card-title>
    <mat-card-content>
      <mat-list
        class="mat-list-auto-height"
      >
        <h3
          mat-subheader=""
        >
          Nothing to configure yet.
        </h3>
      </mat-list>
    </mat-card-content>
  </mat-card>
</app-config>
`;
