// Jest Snapshot v1, https://goo.gl/fbAQLP

exports[`ConfigComponent is created 1`] = `
<app-config>
  <mat-card
    class="mat-card"
  >
    <mat-card-title
      class="mat-card-title"
    >
      Configuration
    </mat-card-title>
    <mat-card-content
      class="mat-card-content"
    >
      <mat-list
        class="mat-list-auto-height mat-list mat-list-base"
      >
        <h3
          class="mat-subheader"
          mat-subheader=""
        >
          Nothing to configure yet.
        </h3>
      </mat-list>
    </mat-card-content>
  </mat-card>
</app-config>
`;
