// Jest Snapshot v1, https://goo.gl/fbAQLP

exports[`GhibliComponent is created 1`] = `
<app-ghibli
  TYPES_LISTS={[Function Array]}
  anyData$={[Function Subject]}
  api={[Function Object]}
  busyCount$={[Function BehaviorSubject]}
  clickableValue={[Function Function]}
  done$={[Function DoneSubject]}
  onClickedValue={[Function Function]}
  tableAllData$={[Function AnonymousSubject]}
  toAnyData={[Function Function]}
  typeToDetails$={[Function Object]}
  typeToList$={[Function Object]}
>
  <div
    ddflexbox="hyscsw"
  >
    <mat-card
      class="childhv"
    >
      <mat-card-title>
        Queries
      </mat-card-title>
      <mat-card-content>
        <div
          ddflexbox="vys"
        >
          <mat-list
            class="mat-list-auto-height"
          >
            <h3
              mat-subheader=""
            >
              API
            </h3>
            
            <mat-list-item>
              <button
                mat-raised-button=""
              >
                /locations/
              </button>
            </mat-list-item>
            <mat-list-item>
              <button
                mat-raised-button=""
              >
                /films/
              </button>
            </mat-list-item>
            <mat-list-item>
              <button
                mat-raised-button=""
              >
                /people/
              </button>
            </mat-list-item>
            <mat-list-item>
              <button
                mat-raised-button=""
              >
                /species/
              </button>
            </mat-list-item>
            <mat-list-item>
              <button
                mat-raised-button=""
              >
                /vehicles/
              </button>
            </mat-list-item>
          </mat-list>
        </div>
      </mat-card-content>
    </mat-card>
    
    
  </div>
</app-ghibli>
`;
