// Jest Snapshot v1, https://goo.gl/fbAQLP

exports[`OverviewComponent is created 1`] = `
<app-overview
  gotoAiApproxPolynom={[Function Function]}
  router={[Function Router]}
>
  <div
    ddflexbox="hyscsw"
    ng-reflect-dd-flexbox="hyscsw"
    style="display: flex; flex-direction: row; justify-content: flex-start; align-items: flex-start; align-content: flex-start; flex-wrap: wrap;"
  >
    <mat-card
      class="mat-card"
    >
      <mat-card-title
        class="mat-card-title"
      >
        ML (Machine Learning)
      </mat-card-title>
      <mat-card-content
        class="mat-card-content"
      >
        <mat-list
          class="mat-list mat-list-base"
        >
          <h4
            mat-header=""
          >
            Tensorflow
          </h4>
          <button
            class="mat-raised-button _mat-animation-noopable"
            mat-raised-button=""
          >
            <span
              class="mat-button-wrapper"
            >
              Approximate Polynomial
            </span>
            <div
              class="mat-button-ripple mat-ripple"
              matripple=""
              ng-reflect-centered="false"
              ng-reflect-disabled="false"
              ng-reflect-trigger="[object HTMLButtonElement]"
            />
            <div
              class="mat-button-focus-overlay"
            />
          </button>
        </mat-list>
      </mat-card-content>
    </mat-card>
  </div>
</app-overview>
`;
