// Jest Snapshot v1, https://goo.gl/fbAQLP

exports[`SimpleViewComponent renders 1`] = `
<mock-render>
  <app-simple-view
    class="ng-tns-c3480983330-0"
    ng-reflect-is-expanded="true"
    ng-reflect-is-width-constrained="true"
  >
  </app-simple-view>
</mock-render>
`;

exports[`SimpleViewComponent with data renders 1`] = `
<mock-render>
  <app-simple-view
    class="ng-tns-c3480983330-0"
    ng-reflect-data="[object Object]"
    ng-reflect-is-expanded="true"
    ng-reflect-is-width-constrained="true"
  >
    <div
      class="position-relative ng-tns-c3480983330-0 ng-star-inserted"
    >
      <div
        class="list-h scroll-x-auto ng-tns-c3480983330-0"
        style="max-width: 100%;"
      >
        <mat-list
          class="mat-list-auto-height ng-tns-c3480983330-0 ng-star-inserted"
        >
          <table
            class="ng-tns-c3480983330-0 ng-star-inserted"
          >
            <tr
              class="ng-tns-c3480983330-0 ng-star-inserted"
            >
              <td
                class="ng-tns-c3480983330-0"
                style="vertical-align: top;"
              >
                <mat-list-item
                  class="ng-tns-c3480983330-0"
                >
                  <span
                    class="no-break-text"
                  >
                     undefined 
                  </span>
                </mat-list-item>
              </td>
              <td
                class="ng-tns-c3480983330-0"
              >
                <mat-list-item
                  class="ng-tns-c3480983330-0 ng-trigger ng-trigger-TRIGGER_WobbleX"
                >
                  <span
                    class="break-text size-data-label"
                    ng-reflect-ng-class="[object Object]"
                  >
                    <span
                      class="ng-tns-c3480983330-0 ng-star-inserted"
                      ng-reflect-ng-class="[object Object]"
                      style=""
                    >
                       value 
                    </span>
                  </span>
                </mat-list-item>
              </td>
            </tr>
          </table>
        </mat-list>
      </div>
    </div>
  </app-simple-view>
</mock-render>
`;
